// Jest Snapshot v1, https://goo.gl/fbAQLP

exports[`NoMatchAdmin should render correctly 1`] = `
<div>
  <h1>
    Page not found
  </h1>
  <p>
    Woops! Sorry, there is nothing to see here.
  </p>
  <p>
    <Link
      replace={false}
      to="/admin"
    >
      Back to Admin
    </Link>
  </p>
</div>
`;
