// Jest Snapshot v1, https://goo.gl/fbAQLP

exports[`Root should render correctly 1`] = `
<Provider
  store={
    Object {
      "dispatch": [Function],
      "getState": [Function],
      "liftedStore": Object {
        "dispatch": [Function],
        "getState": [Function],
        "replaceReducer": [Function],
        "subscribe": [Function],
      },
      "replaceReducer": [Function],
      "subscribe": [Function],
    }
  }
>
  <BrowserRouter>
    <Route
      component={[Function]}
    />
  </BrowserRouter>
</Provider>
`;
