// Jest Snapshot v1, https://goo.gl/fbAQLP

exports[`Loader should render correctly 1`] = `
<Loader
  className="loader"
  component="div"
  loaded={false}
  loadedClassName="loader"
  loading={true}
  parentClassName="loader"
>
  <h1>
    Hello World
  </h1>
</Loader>
`;
