// Jest Snapshot v1, https://goo.gl/fbAQLP

exports[`LandingItem should render correctly 1`] = `
<LandingItem
  title="Hello World"
>
  <MarkdownRenderer
    markdown="I am some content"
  />
</LandingItem>
`;
