// Jest Snapshot v1, https://goo.gl/fbAQLP

exports[`GiftListItem should render correctly 1`] = `
<div
  className="root"
>
  <img
    alt="gift"
    className="avatar"
    src="http://image.png"
  />
  <div
    className="textContainer"
  >
    <h3
      className="name"
    >
      gift
    </h3>
    <h4
      className="title"
    >
      Price: Â£
      20
    </h4>
    <h4
      className="title"
    >
      Requested: 
      5
    </h4>
    <h4
      className="title"
    >
      Remaining: 
      10
    </h4>
  </div>
  <IconButton
    disableTouchRipple={false}
    disabled={false}
    iconStyle={Object {}}
    onClick={[Function]}
    tooltipPosition="bottom-center"
    touch={true}
  >
    <ImageEdit />
  </IconButton>
  <IconButton
    disableTouchRipple={false}
    disabled={false}
    iconStyle={Object {}}
    onClick={[Function]}
    tooltipPosition="bottom-center"
    touch={true}
  >
    <ActionDelete />
  </IconButton>
</div>
`;
